---
source: crates/sui/src/client_ptb/parser.rs
expression: parsed
---
[
    Spanned {
        span: Span {
            start: 0,
            end: 2,
        },
        value: U8,
    },
    Spanned {
        span: Span {
            start: 0,
            end: 3,
        },
        value: U16,
    },
    Spanned {
        span: Span {
            start: 0,
            end: 3,
        },
        value: U32,
    },
    Spanned {
        span: Span {
            start: 0,
            end: 3,
        },
        value: U64,
    },
    Spanned {
        span: Span {
            start: 0,
            end: 4,
        },
        value: U128,
    },
    Spanned {
        span: Span {
            start: 0,
            end: 4,
        },
        value: U256,
    },
    Spanned {
        span: Span {
            start: 0,
            end: 4,
        },
        value: Bool,
    },
    Spanned {
        span: Span {
            start: 0,
            end: 7,
        },
        value: Address,
    },
    Spanned {
        span: Span {
            start: 0,
            end: 10,
        },
        value: Vector(
            U8,
        ),
    },
    Spanned {
        span: Span {
            start: 0,
            end: 15,
        },
        value: Struct(
            ParsedStructType {
                fq_name: ModuleAccess {
                    address: Spanned {
                        span: Span {
                            start: 0,
                            end: 3,
                        },
                        value: Named(
                            "sui",
                        ),
                    },
                    module_name: Spanned {
                        span: Span {
                            start: 5,
                            end: 11,
                        },
                        value: Identifier(
                            "object",
                        ),
                    },
                    function_name: Spanned {
                        span: Span {
                            start: 13,
                            end: 15,
                        },
                        value: Identifier(
                            "ID",
                        ),
                    },
                },
                type_args: [],
            },
        ),
    },
    Spanned {
        span: Span {
            start: 0,
            end: 16,
        },
        value: Struct(
            ParsedStructType {
                fq_name: ModuleAccess {
                    address: Spanned {
                        span: Span {
                            start: 0,
                            end: 3,
                        },
                        value: Numerical(
                            0x2,
                        ),
                    },
                    module_name: Spanned {
                        span: Span {
                            start: 5,
                            end: 11,
                        },
                        value: Identifier(
                            "object",
                        ),
                    },
                    function_name: Spanned {
                        span: Span {
                            start: 13,
                            end: 16,
                        },
                        value: Identifier(
                            "UID",
                        ),
                    },
                },
                type_args: [],
            },
        ),
    },
    Spanned {
        span: Span {
            start: 0,
            end: 26,
        },
        value: Struct(
            ParsedStructType {
                fq_name: ModuleAccess {
                    address: Spanned {
                        span: Span {
                            start: 0,
                            end: 1,
                        },
                        value: Numerical(
                            3,
                        ),
                    },
                    module_name: Spanned {
                        span: Span {
                            start: 3,
                            end: 15,
                        },
                        value: Identifier(
                            "staking_pool",
                        ),
                    },
                    function_name: Spanned {
                        span: Span {
                            start: 17,
                            end: 26,
                        },
                        value: Identifier(
                            "StakedSui",
                        ),
                    },
                },
                type_args: [],
            },
        ),
    },
    Spanned {
        span: Span {
            start: 0,
            end: 28,
        },
        value: Struct(
            ParsedStructType {
                fq_name: ModuleAccess {
                    address: Spanned {
                        span: Span {
                            start: 0,
                            end: 3,
                        },
                        value: Numerical(
                            0x2,
                        ),
                    },
                    module_name: Spanned {
                        span: Span {
                            start: 5,
                            end: 9,
                        },
                        value: Identifier(
                            "coin",
                        ),
                    },
                    function_name: Spanned {
                        span: Span {
                            start: 11,
                            end: 15,
                        },
                        value: Identifier(
                            "Coin",
                        ),
                    },
                },
                type_args: [
                    Struct(
                        ParsedStructType {
                            fq_name: ModuleAccess {
                                address: Spanned {
                                    span: Span {
                                        start: 16,
                                        end: 17,
                                    },
                                    value: Numerical(
                                        2,
                                    ),
                                },
                                module_name: Spanned {
                                    span: Span {
                                        start: 19,
                                        end: 22,
                                    },
                                    value: Identifier(
                                        "sui",
                                    ),
                                },
                                function_name: Spanned {
                                    span: Span {
                                        start: 24,
                                        end: 27,
                                    },
                                    value: Identifier(
                                        "SUI",
                                    ),
                                },
                            },
                            type_args: [],
                        },
                    ),
                ],
            },
        ),
    },
    Spanned {
        span: Span {
            start: 0,
            end: 68,
        },
        value: Struct(
            ParsedStructType {
                fq_name: ModuleAccess {
                    address: Spanned {
                        span: Span {
                            start: 0,
                            end: 3,
                        },
                        value: Named(
                            "sui",
                        ),
                    },
                    module_name: Spanned {
                        span: Span {
                            start: 5,
                            end: 10,
                        },
                        value: Identifier(
                            "table",
                        ),
                    },
                    function_name: Spanned {
                        span: Span {
                            start: 12,
                            end: 17,
                        },
                        value: Identifier(
                            "Table",
                        ),
                    },
                },
                type_args: [
                    Struct(
                        ParsedStructType {
                            fq_name: ModuleAccess {
                                address: Spanned {
                                    span: Span {
                                        start: 18,
                                        end: 21,
                                    },
                                    value: Named(
                                        "sui",
                                    ),
                                },
                                module_name: Spanned {
                                    span: Span {
                                        start: 23,
                                        end: 29,
                                    },
                                    value: Identifier(
                                        "object",
                                    ),
                                },
                                function_name: Spanned {
                                    span: Span {
                                        start: 31,
                                        end: 33,
                                    },
                                    value: Identifier(
                                        "ID",
                                    ),
                                },
                            },
                            type_args: [],
                        },
                    ),
                    Vector(
                        Struct(
                            ParsedStructType {
                                fq_name: ModuleAccess {
                                    address: Spanned {
                                        span: Span {
                                            start: 42,
                                            end: 45,
                                        },
                                        value: Numerical(
                                            0x1,
                                        ),
                                    },
                                    module_name: Spanned {
                                        span: Span {
                                            start: 47,
                                            end: 53,
                                        },
                                        value: Identifier(
                                            "option",
                                        ),
                                    },
                                    function_name: Spanned {
                                        span: Span {
                                            start: 55,
                                            end: 61,
                                        },
                                        value: Identifier(
                                            "Option",
                                        ),
                                    },
                                },
                                type_args: [
                                    U32,
                                ],
                            },
                        ),
                    ),
                ],
            },
        ),
    },
]
